// Jest Snapshot v1, https://goo.gl/fbAQLP

exports[`TitleList Default Snapshot 1`] = `null`;
