// Jest Snapshot v1, https://goo.gl/fbAQLP

exports[`ItemMap Default Snapshot 1`] = `undefined`;
