// Jest Snapshot v1, https://goo.gl/fbAQLP

exports[`UserProfile Default Snapshot 1`] = `undefined`;
